// Jest Snapshot v1, https://goo.gl/fbAQLP

exports[`<Accordion /> opens and closes the <Accordion /> component 1`] = `
<div
  class="accordion__Container-qskqv3-0 bKPrvs"
>
  <div
    class="accordion__Inner-qskqv3-1 ilrgEX"
  >
    <h1
      class="accordion__Title-qskqv3-5 kVSpkJ"
    >
      Foire aux questions
    </h1>
    <div
      class="accordion__Item-qskqv3-2 kIaGRB"
    >
      <div
        class="accordion__Header-qskqv3-3 jZvcjb"
      >
        xilften, qu'est-ce que c'est ?
        <img
          alt="Open"
          src="/images/icons/add.png"
        />
      </div>
    </div>
    <div
      class="accordion__Item-qskqv3-2 kIaGRB"
    >
      <div
        class="accordion__Header-qskqv3-3 jZvcjb"
      >
        Combien co청te xilften ?
        <img
          alt="Open"
          src="/images/icons/add.png"
        />
      </div>
    </div>
    <div
      class="accordion__Item-qskqv3-2 kIaGRB"
    >
      <div
        class="accordion__Header-qskqv3-3 jZvcjb"
      >
        O첫 puis-je regarder xilften ?
        <img
          alt="Open"
          src="/images/icons/add.png"
        />
      </div>
    </div>
    <div
      class="accordion__Item-qskqv3-2 kIaGRB"
    >
      <div
        class="accordion__Header-qskqv3-3 jZvcjb"
      >
        Comment puis-je annuler mon forfait ?
        <img
          alt="Open"
          src="/images/icons/add.png"
        />
      </div>
    </div>
    <div
      class="accordion__Item-qskqv3-2 kIaGRB"
    >
      <div
        class="accordion__Header-qskqv3-3 jZvcjb"
      >
        Que puis-je regarder sur xilften ?
        <img
          alt="Open"
          src="/images/icons/add.png"
        />
      </div>
    </div>
  </div>
</div>
`;

exports[`<Accordion /> renders the <Accordion /> with the populated data 1`] = `
<div
  class="accordion__Container-qskqv3-0 bKPrvs"
>
  <div
    class="accordion__Inner-qskqv3-1 ilrgEX"
  >
    <h1
      class="accordion__Title-qskqv3-5 kVSpkJ"
    >
      Foire aux questions
    </h1>
    <div
      class="accordion__Item-qskqv3-2 kIaGRB"
    >
      <div
        class="accordion__Header-qskqv3-3 jZvcjb"
      >
        xilften, qu'est-ce que c'est ?
        <img
          alt="Open"
          src="/images/icons/add.png"
        />
      </div>
    </div>
    <div
      class="accordion__Item-qskqv3-2 kIaGRB"
    >
      <div
        class="accordion__Header-qskqv3-3 jZvcjb"
      >
        Combien co청te xilften ?
        <img
          alt="Open"
          src="/images/icons/add.png"
        />
      </div>
    </div>
    <div
      class="accordion__Item-qskqv3-2 kIaGRB"
    >
      <div
        class="accordion__Header-qskqv3-3 jZvcjb"
      >
        O첫 puis-je regarder xilften ?
        <img
          alt="Open"
          src="/images/icons/add.png"
        />
      </div>
    </div>
    <div
      class="accordion__Item-qskqv3-2 kIaGRB"
    >
      <div
        class="accordion__Header-qskqv3-3 jZvcjb"
      >
        Comment puis-je annuler mon forfait ?
        <img
          alt="Open"
          src="/images/icons/add.png"
        />
      </div>
    </div>
    <div
      class="accordion__Item-qskqv3-2 kIaGRB"
    >
      <div
        class="accordion__Header-qskqv3-3 jZvcjb"
      >
        Que puis-je regarder sur xilften ?
        <img
          alt="Open"
          src="/images/icons/add.png"
        />
      </div>
    </div>
  </div>
</div>
`;
