// Jest Snapshot v1, https://goo.gl/fbAQLP

exports[`<Loading /> renders the <Loading.ReleaseBody /> 1`] = `null`;

exports[`<Loading /> renders the <Loading/> component 1`] = `
<div
  class="loading__Spinner-sc-1kkbjvx-0 iXLQUG"
  data-testid="loading"
>
  <img
    class="loading__Picture-sc-1kkbjvx-1 bsGTNz"
    data-testid="loading-picture"
    src="/images/users//images/karl.png.png"
  />
</div>
`;
